2049 items; dropped {'belebele_overlap_with_training': 37}
Loading weights:   0%|          | 0/398 [00:00<?, ?it/s]Loading weights:  62%|██████▏   | 247/398 [00:00<00:00, 2461.77it/s]Loading weights: 100%|██████████| 398/398 [00:00<00:00, 3653.26it/s]
{"all": 0.5529526598340654, "belebele": 0.64, "mmmlu": 0.4585714285714286, "include": 0.5542570951585977}
| system | Belebele | MMMLU | INCLUDE | all | ECE (all) |
|---|---|---|---|---|---|
| leo-4b-v5.1 | 0.640 | 0.459 | 0.554 | 0.553 | 0.117 |

belebele accuracy by language:

| language | leo-4b-v5.1 |
|---|---|
| Arabic | 0.62 |
| Bengali | 0.56 |
| Chinese | 0.76 |
| English | 0.78 |
| French | 0.68 |
| German | 0.72 |
| Hindi | 0.66 |
| Indonesian | 0.72 |
| Italian | 0.76 |
| Japanese | 0.68 |
| Korean | 0.72 |
| Portuguese | 0.70 |
| Spanish | 0.70 |
| Swahili | 0.36 |
| Yoruba | 0.18 |

mmmlu accuracy by language:

| language | leo-4b-v5.1 |
|---|---|
| Arabic | 0.60 |
| Bengali | 0.36 |
| Chinese | 0.52 |
| French | 0.52 |
| German | 0.52 |
| Hindi | 0.38 |
| Indonesian | 0.50 |
| Italian | 0.56 |
| Japanese | 0.48 |
| Korean | 0.44 |
| Portuguese | 0.48 |
| Spanish | 0.46 |
| Swahili | 0.30 |
| Yoruba | 0.30 |

include accuracy by language:

| language | leo-4b-v5.1 |
|---|---|
| Arabic | 0.43 |
| Bengali | 0.32 |
| Chinese | 0.70 |
| French | 0.52 |
| German | 0.54 |
| Hindi | 0.50 |
| Indonesian | 0.72 |
| Italian | 0.58 |
| Japanese | 0.68 |
| Korean | 0.60 |
| Portuguese | 0.50 |
| Spanish | 0.56 |
