Loading weights:   0%|          | 0/398 [00:00<?, ?it/s]Loading weights:  62%|██████▏   | 245/398 [00:00<00:00, 2449.32it/s]Loading weights: 100%|██████████| 398/398 [00:00<00:00, 3713.93it/s]
| system | easy (48) | standard (72) | hard (111) | all (231) | ECE |
|---|---|---|---|---|---|
| leo-4b-v5.1 | 1.000 | 0.931 | 0.414 | 0.697 | 0.141 |
| Jev 1.13 (published by JevBench) | 1.000 | 0.986 | 0.730 | 0.866 | - |

Paired with Jev 1.13 (published by JevBench) on the same items: both right 152, only Jev 48, only leo-4b-v5.1 9, both wrong 22.

| tier/family | n | leo-4b-v5.1 | Jev 1.13 (published by JevBench) |
|---|---|---|---|
| easy/extraction | 12 | 1.00 | 1.00 |
| easy/fact | 12 | 1.00 | 1.00 |
| easy/intent | 12 | 1.00 | 1.00 |
| easy/tool_selection | 12 | 1.00 | 1.00 |
| hard/adversarial | 6 | 0.50 | 1.00 |
| hard/ambiguous | 7 | 0.29 | 0.86 |
| hard/judge_hard | 17 | 0.53 | 0.76 |
| hard/long_policy | 19 | 0.37 | 0.63 |
| hard/multi_hop | 18 | 0.28 | 0.83 |
| hard/probability | 10 | 0.40 | 0.70 |
| hard/routing_hard | 5 | 1.00 | 1.00 |
| hard/temporal_numeric | 15 | 0.13 | 0.27 |
| hard/tradeoff | 6 | 0.33 | 0.83 |
| hard/trap | 8 | 0.88 | 1.00 |
| standard/adequacy | 12 | 0.67 | 1.00 |
| standard/extraction | 12 | 1.00 | 1.00 |
| standard/intent | 12 | 1.00 | 1.00 |
| standard/ordinal | 12 | 1.00 | 1.00 |
| standard/policy | 12 | 1.00 | 0.92 |
| standard/routing | 12 | 0.92 | 1.00 |

231 items in 66.3s
