Loading weights:   0%|          | 0/310 [00:00<?, ?it/s]Loading weights:  57%|█████▋    | 176/310 [00:00<00:00, 1755.40it/s]Loading weights: 100%|██████████| 310/310 [00:00<00:00, 2833.69it/s]
| system | easy (48) | standard (72) | hard (111) | all (231) | ECE |
|---|---|---|---|---|---|
| leo-1.7b-v5 | 1.000 | 0.806 | 0.315 | 0.610 | 0.161 |
| Jev 1.13 (published by JevBench) | 1.000 | 0.986 | 0.730 | 0.866 | - |

Paired with Jev 1.13 (published by JevBench) on the same items: both right 137, only Jev 63, only leo-1.7b-v5 4, both wrong 27.

| tier/family | n | leo-1.7b-v5 | Jev 1.13 (published by JevBench) |
|---|---|---|---|
| easy/extraction | 12 | 1.00 | 1.00 |
| easy/fact | 12 | 1.00 | 1.00 |
| easy/intent | 12 | 1.00 | 1.00 |
| easy/tool_selection | 12 | 1.00 | 1.00 |
| hard/adversarial | 6 | 0.50 | 1.00 |
| hard/ambiguous | 7 | 0.00 | 0.86 |
| hard/judge_hard | 17 | 0.53 | 0.76 |
| hard/long_policy | 19 | 0.11 | 0.63 |
| hard/multi_hop | 18 | 0.28 | 0.83 |
| hard/probability | 10 | 0.30 | 0.70 |
| hard/routing_hard | 5 | 0.60 | 1.00 |
| hard/temporal_numeric | 15 | 0.20 | 0.27 |
| hard/tradeoff | 6 | 0.17 | 0.83 |
| hard/trap | 8 | 0.75 | 1.00 |
| standard/adequacy | 12 | 0.58 | 1.00 |
| standard/extraction | 12 | 0.92 | 1.00 |
| standard/intent | 12 | 0.92 | 1.00 |
| standard/ordinal | 12 | 0.92 | 1.00 |
| standard/policy | 12 | 0.67 | 0.92 |
| standard/routing | 12 | 0.83 | 1.00 |

231 items in 40.5s
