2049 items; dropped {'belebele_overlap_with_training': 37}
Loading weights:   0%|          | 0/310 [00:00<?, ?it/s]Loading weights: 100%|██████████| 310/310 [00:00<00:00, 3251.60it/s]
{"all": 0.5007320644216691, "belebele": 0.612, "mmmlu": 0.44142857142857145, "include": 0.4307178631051753}
| system | Belebele | MMMLU | INCLUDE | all | ECE (all) |
|---|---|---|---|---|---|
| leo-1.7b-v5 | 0.612 | 0.441 | 0.431 | 0.501 | 0.157 |

belebele accuracy by language:

| language | leo-1.7b-v5 |
|---|---|
| Arabic | 0.54 |
| Bengali | 0.58 |
| Chinese | 0.76 |
| English | 0.84 |
| French | 0.68 |
| German | 0.76 |
| Hindi | 0.56 |
| Indonesian | 0.64 |
| Italian | 0.66 |
| Japanese | 0.58 |
| Korean | 0.64 |
| Portuguese | 0.68 |
| Spanish | 0.68 |
| Swahili | 0.40 |
| Yoruba | 0.18 |

mmmlu accuracy by language:

| language | leo-1.7b-v5 |
|---|---|
| Arabic | 0.42 |
| Bengali | 0.32 |
| Chinese | 0.52 |
| French | 0.46 |
| German | 0.46 |
| Hindi | 0.34 |
| Indonesian | 0.36 |
| Italian | 0.52 |
| Japanese | 0.50 |
| Korean | 0.48 |
| Portuguese | 0.50 |
| Spanish | 0.60 |
| Swahili | 0.34 |
| Yoruba | 0.36 |

include accuracy by language:

| language | leo-1.7b-v5 |
|---|---|
| Arabic | 0.35 |
| Bengali | 0.34 |
| Chinese | 0.60 |
| French | 0.50 |
| German | 0.46 |
| Hindi | 0.32 |
| Indonesian | 0.44 |
| Italian | 0.46 |
| Japanese | 0.46 |
| Korean | 0.40 |
| Portuguese | 0.44 |
| Spanish | 0.40 |
