Loading weights:   0%|          | 0/398 [00:00<?, ?it/s]Loading weights:  34%|███▍      | 137/398 [00:00<00:00, 1237.29it/s]Loading weights:  66%|██████▌   | 261/398 [00:00<00:00, 269.61it/s] Loading weights: 100%|██████████| 398/398 [00:00<00:00, 465.21it/s]
evidence_heldout_themes
  all          {'n': 400, 'step_acc': 0.995, 'false_done_rate': 0.0, 'mean_p_done_when_wrong': 0.0, 'done_recall': 1.0}
  blank        {'n': 15, 'step_acc': 1.0, 'false_done_rate': 0.0, 'mean_p_done_when_wrong': 0.0, 'done_recall': None}
  detail       {'n': 33, 'step_acc': 1.0, 'false_done_rate': None, 'mean_p_done_when_wrong': None, 'done_recall': 1.0}
  form         {'n': 51, 'step_acc': 1.0, 'false_done_rate': 0.0, 'mean_p_done_when_wrong': 0.0, 'done_recall': 1.0}
  loading      {'n': 21, 'step_acc': 1.0, 'false_done_rate': 0.0, 'mean_p_done_when_wrong': 0.0, 'done_recall': None}
  overlay      {'n': 74, 'step_acc': 1.0, 'false_done_rate': 0.0, 'mean_p_done_when_wrong': 0.0, 'done_recall': None}
  popover      {'n': 62, 'step_acc': 1.0, 'false_done_rate': 0.0, 'mean_p_done_when_wrong': 0.0, 'done_recall': None}
  stale        {'n': 13, 'step_acc': 1.0, 'false_done_rate': 0.0, 'mean_p_done_when_wrong': 0.0, 'done_recall': None}
  unsubmitted  {'n': 131, 'step_acc': 0.9847, 'false_done_rate': 0.0, 'mean_p_done_when_wrong': 0.0, 'done_recall': None}
catalog_v3_sim
  BLOCKED      {'n': 5, 'step_acc': 1.0, 'false_done_rate': 0.0, 'mean_p_done_when_wrong': 0.0002, 'done_recall': None}
  CLICK        {'n': 93, 'step_acc': 0.9892, 'false_done_rate': 0.0, 'mean_p_done_when_wrong': 0.0, 'done_recall': None}
  DONE         {'n': 29, 'step_acc': 1.0, 'false_done_rate': None, 'mean_p_done_when_wrong': None, 'done_recall': 1.0}
  SCROLL_DOWN  {'n': 20, 'step_acc': 1.0, 'false_done_rate': 0.0, 'mean_p_done_when_wrong': 0.0002, 'done_recall': None}
  SELECT       {'n': 20, 'step_acc': 0.95, 'false_done_rate': 0.0, 'mean_p_done_when_wrong': 0.0001, 'done_recall': None}
  TYPE_TEXT    {'n': 27, 'step_acc': 1.0, 'false_done_rate': 0.0, 'mean_p_done_when_wrong': 0.0, 'done_recall': None}
  WAIT         {'n': 6, 'step_acc': 1.0, 'false_done_rate': 0.0, 'mean_p_done_when_wrong': 0.0, 'done_recall': None}
  all          {'n': 200, 'step_acc': 0.99, 'false_done_rate': 0.0, 'mean_p_done_when_wrong': 0.0001, 'done_recall': 1.0}
flights states (v3 P(DONE) -> this checkpoint)
  3-0.json #12 0.378 -> 0.005 CLICK      26 el  'Skip to main content\nAccessibility feedback\nExplore\nFlights\nHotels\nVacation rent'
  3-0.json #13 0.985 -> 0.000 CLICK       4 el  'Economy\nPremium economy\nBusiness\nFirst'
  3-1.json #12 0.378 -> 0.005 CLICK      26 el  'Skip to main content\nAccessibility feedback\nExplore\nFlights\nHotels\nVacation rent'
  3-1.json #13 0.985 -> 0.000 CLICK       4 el  'Economy\nPremium economy\nBusiness\nFirst'
  3-2.json #12 0.378 -> 0.005 CLICK      26 el  'Skip to main content\nAccessibility feedback\nExplore\nFlights\nHotels\nVacation rent'
  3-2.json #13 0.999 -> 0.001 WAIT        0 el  ''
