2049 items; dropped {'belebele_overlap_with_training': 37}
Loading weights:   0%|          | 0/398 [00:00<?, ?it/s]Loading weights:   3%|▎         | 10/398 [00:00<00:04, 78.05it/s]Loading weights:   6%|▌         | 24/398 [00:00<00:03, 100.55it/s]Loading weights:   9%|▉         | 35/398 [00:00<00:03, 90.89it/s] Loading weights:  11%|█▏        | 45/398 [00:00<00:03, 93.62it/s]Loading weights:  14%|█▍        | 55/398 [00:00<00:04, 80.06it/s]Loading weights:  17%|█▋        | 69/398 [00:00<00:03, 91.72it/s]Loading weights:  20%|█▉        | 79/398 [00:00<00:04, 77.53it/s]Loading weights:  22%|██▏       | 88/398 [00:01<00:04, 69.20it/s]Loading weights:  25%|██▌       | 100/398 [00:01<00:03, 80.88it/s]Loading weights:  28%|██▊       | 110/398 [00:01<00:03, 82.59it/s]Loading weights:  30%|███       | 120/398 [00:01<00:03, 75.20it/s]Loading weights:  32%|███▏      | 128/398 [00:01<00:03, 76.18it/s]Loading weights:  34%|███▍      | 136/398 [00:01<00:03, 73.66it/s]Loading weights:  36%|███▌      | 144/398 [00:01<00:03, 73.51it/s]Loading weights:  39%|███▊      | 154/398 [00:01<00:03, 79.94it/s]Loading weights:  43%|████▎     | 171/398 [00:02<00:02, 104.33it/s]Loading weights:  47%|████▋     | 188/398 [00:02<00:01, 122.69it/s]Loading weights: 100%|██████████| 398/398 [00:02<00:00, 183.26it/s]
{"all": 0.5822352367008297, "belebele": 0.6813333333333333, "mmmlu": 0.48142857142857143, "include": 0.5759599332220368}
| system | Belebele | MMMLU | INCLUDE | all | ECE (all) |
|---|---|---|---|---|---|
| leo-4b-soup3 | 0.681 | 0.481 | 0.576 | 0.582 | 0.106 |

belebele accuracy by language:

| language | leo-4b-soup3 |
|---|---|
| Arabic | 0.64 |
| Bengali | 0.64 |
| Chinese | 0.84 |
| English | 0.78 |
| French | 0.78 |
| German | 0.80 |
| Hindi | 0.64 |
| Indonesian | 0.68 |
| Italian | 0.74 |
| Japanese | 0.68 |
| Korean | 0.76 |
| Portuguese | 0.74 |
| Spanish | 0.80 |
| Swahili | 0.44 |
| Yoruba | 0.26 |

mmmlu accuracy by language:

| language | leo-4b-soup3 |
|---|---|
| Arabic | 0.56 |
| Bengali | 0.40 |
| Chinese | 0.52 |
| French | 0.52 |
| German | 0.58 |
| Hindi | 0.46 |
| Indonesian | 0.50 |
| Italian | 0.62 |
| Japanese | 0.46 |
| Korean | 0.42 |
| Portuguese | 0.52 |
| Spanish | 0.52 |
| Swahili | 0.36 |
| Yoruba | 0.30 |

include accuracy by language:

| language | leo-4b-soup3 |
|---|---|
| Arabic | 0.49 |
| Bengali | 0.32 |
| Chinese | 0.76 |
| French | 0.60 |
| German | 0.56 |
| Hindi | 0.52 |
| Indonesian | 0.66 |
| Italian | 0.66 |
| Japanese | 0.66 |
| Korean | 0.52 |
| Portuguese | 0.48 |
| Spanish | 0.68 |
